// Jest Snapshot v1, https://goo.gl/fbAQLP

exports[`<Root /> renders the loading screen 1`] = `
<AppLoading
  onError={[Function]}
  onFinish={[Function]}
  startAsync={[Function]}
/>
`;

exports[`<Root /> renders the root without loading screen 1`] = `<RootComponent />`;
